38,40c38,40
< 210
< 3-10
< 54-2
---
> 012
> 0-13
> 01-2
