24,25c24,25
< after map2(4 3 2 1 2 3 4)
< (4 3 2 1 2 3 4)
---
> after map2(1 2 3 4)
> (1 2 3 4)
100c100
< (25 5 16 4 3 2 1 2 4 3 9 4 16 5 25)
---
> (1 2 4 3 9 4 16 5 25)
177d176
< before
179d177
< before
187d184
< before
192d188
< 1 #t
194c190
< 3 #t
---
> 1 #t
196d191
< 2 #t
197a193
> 1 #t
201c197,198
< 4 #t
---
> 3 #t
> 3 #t
