11c11
< 0.33333333333333
---
> 0.3333333333333333
28,35c28,35
< -5.0
< -4.0
< -4.0
< -4.0
< 3.0
< 4.0
< 3.0
< 4.0
---
> -5
> -4
> -4
> -4
> 3
> 4
> 3
> 4
39c39
< 100.0
---
> 100
83c83
< "BAD BAD (no exception)"
---
> "expected exception"
87c87
< "BAD BAD (no exception)"
---
> "expected exception"
