10c10
< #(10 5 2.0 4.0 3.0 8)
---
> #(10 5 2 4 3 8)
